C:/TouchGFXProjects/DEMOING/Drivers/STM32U5xx_HAL_Driver/Src/stm32u5xx_hal_dsi.c:251:26:DSI_ShortWrite.constprop	24	static
C:/TouchGFXProjects/DEMOING/Drivers/STM32U5xx_HAL_Driver/Src/stm32u5xx_hal_dsi.c:594:19:HAL_DSI_ConfigErrorMonitor	0	static
C:/TouchGFXProjects/DEMOING/Drivers/STM32U5xx_HAL_Driver/Src/stm32u5xx_hal_dsi.c:682:13:HAL_DSI_MspInit	0	static
C:/TouchGFXProjects/DEMOING/Drivers/STM32U5xx_HAL_Driver/Src/stm32u5xx_hal_dsi.c:404:19:HAL_DSI_Init	24	static
C:/TouchGFXProjects/DEMOING/Drivers/STM32U5xx_HAL_Driver/Src/stm32u5xx_hal_dsi.c:697:13:HAL_DSI_MspDeInit	0	static
C:/TouchGFXProjects/DEMOING/Drivers/STM32U5xx_HAL_Driver/Src/stm32u5xx_hal_dsi.c:536:19:HAL_DSI_DeInit	32	static
C:/TouchGFXProjects/DEMOING/Drivers/STM32U5xx_HAL_Driver/Src/stm32u5xx_hal_dsi.c:1038:13:HAL_DSI_TearingEffectCallback	0	static
C:/TouchGFXProjects/DEMOING/Drivers/STM32U5xx_HAL_Driver/Src/stm32u5xx_hal_dsi.c:1053:13:HAL_DSI_EndOfRefreshCallback	0	static
C:/TouchGFXProjects/DEMOING/Drivers/STM32U5xx_HAL_Driver/Src/stm32u5xx_hal_dsi.c:1068:13:HAL_DSI_ErrorCallback	0	static
C:/TouchGFXProjects/DEMOING/Drivers/STM32U5xx_HAL_Driver/Src/stm32u5xx_hal_dsi.c:912:6:HAL_DSI_IRQHandler	8	static
C:/TouchGFXProjects/DEMOING/Drivers/STM32U5xx_HAL_Driver/Src/stm32u5xx_hal_dsi.c:1128:19:HAL_DSI_SetGenericVCIDRX	0	static
C:/TouchGFXProjects/DEMOING/Drivers/STM32U5xx_HAL_Driver/Src/stm32u5xx_hal_dsi.c:1150:19:HAL_DSI_SetGenericVCIDTX	0	static
C:/TouchGFXProjects/DEMOING/Drivers/STM32U5xx_HAL_Driver/Src/stm32u5xx_hal_dsi.c:1171:19:HAL_DSI_SetGenericVCID	0	static
C:/TouchGFXProjects/DEMOING/Drivers/STM32U5xx_HAL_Driver/Src/stm32u5xx_hal_dsi.c:1195:19:HAL_DSI_ConfigVideoMode	16	static
C:/TouchGFXProjects/DEMOING/Drivers/STM32U5xx_HAL_Driver/Src/stm32u5xx_hal_dsi.c:1345:19:HAL_DSI_ConfigAdaptedCommandMode	12	static
C:/TouchGFXProjects/DEMOING/Drivers/STM32U5xx_HAL_Driver/Src/stm32u5xx_hal_dsi.c:1416:19:HAL_DSI_ConfigCommand	12	static
C:/TouchGFXProjects/DEMOING/Drivers/STM32U5xx_HAL_Driver/Src/stm32u5xx_hal_dsi.c:1479:19:HAL_DSI_ConfigFlowControl	0	static
C:/TouchGFXProjects/DEMOING/Drivers/STM32U5xx_HAL_Driver/Src/stm32u5xx_hal_dsi.c:1505:19:HAL_DSI_ConfigPhyTimer	12	static
C:/TouchGFXProjects/DEMOING/Drivers/STM32U5xx_HAL_Driver/Src/stm32u5xx_hal_dsi.c:1558:19:HAL_DSI_ConfigHostTimeouts	12	static
C:/TouchGFXProjects/DEMOING/Drivers/STM32U5xx_HAL_Driver/Src/stm32u5xx_hal_dsi.c:1611:19:HAL_DSI_Start	8	static
C:/TouchGFXProjects/DEMOING/Drivers/STM32U5xx_HAL_Driver/Src/stm32u5xx_hal_dsi.c:1634:19:HAL_DSI_Stop	8	static
C:/TouchGFXProjects/DEMOING/Drivers/STM32U5xx_HAL_Driver/Src/stm32u5xx_hal_dsi.c:1657:19:HAL_DSI_Refresh	0	static
C:/TouchGFXProjects/DEMOING/Drivers/STM32U5xx_HAL_Driver/Src/stm32u5xx_hal_dsi.c:1679:19:HAL_DSI_ColorMode	0	static
C:/TouchGFXProjects/DEMOING/Drivers/STM32U5xx_HAL_Driver/Src/stm32u5xx_hal_dsi.c:1705:19:HAL_DSI_Shutdown	0	static
C:/TouchGFXProjects/DEMOING/Drivers/STM32U5xx_HAL_Driver/Src/stm32u5xx_hal_dsi.c:1736:19:HAL_DSI_ShortWrite	24	static
C:/TouchGFXProjects/DEMOING/Drivers/STM32U5xx_HAL_Driver/Src/stm32u5xx_hal_dsi.c:1771:19:HAL_DSI_LongWrite	40	static
C:/TouchGFXProjects/DEMOING/Drivers/STM32U5xx_HAL_Driver/Src/stm32u5xx_hal_dsi.c:1860:19:HAL_DSI_Read	40	static
C:/TouchGFXProjects/DEMOING/Drivers/STM32U5xx_HAL_Driver/Src/stm32u5xx_hal_dsi.c:1976:19:HAL_DSI_EnterULPMData	16	static
C:/TouchGFXProjects/DEMOING/Drivers/STM32U5xx_HAL_Driver/Src/stm32u5xx_hal_dsi.c:2128:19:HAL_DSI_ExitULPMData	24	static
C:/TouchGFXProjects/DEMOING/Drivers/STM32U5xx_HAL_Driver/Src/stm32u5xx_hal_dsi.c:2304:19:HAL_DSI_EnterULPM	24	static
C:/TouchGFXProjects/DEMOING/Drivers/STM32U5xx_HAL_Driver/Src/stm32u5xx_hal_dsi.c:2466:19:HAL_DSI_ExitULPM	24	static
C:/TouchGFXProjects/DEMOING/Drivers/STM32U5xx_HAL_Driver/Src/stm32u5xx_hal_dsi.c:2659:19:HAL_DSI_PatternGeneratorStart	12	static
C:/TouchGFXProjects/DEMOING/Drivers/STM32U5xx_HAL_Driver/Src/stm32u5xx_hal_dsi.c:2683:19:HAL_DSI_PatternGeneratorStop	0	static
C:/TouchGFXProjects/DEMOING/Drivers/STM32U5xx_HAL_Driver/Src/stm32u5xx_hal_dsi.c:2709:19:HAL_DSI_SetLanePinsConfiguration	8	static
C:/TouchGFXProjects/DEMOING/Drivers/STM32U5xx_HAL_Driver/Src/stm32u5xx_hal_dsi.c:2768:19:HAL_DSI_ForceTXStopMode	0	static
C:/TouchGFXProjects/DEMOING/Drivers/STM32U5xx_HAL_Driver/Src/stm32u5xx_hal_dsi.c:2829:22:HAL_DSI_GetState	0	static
C:/TouchGFXProjects/DEMOING/Drivers/STM32U5xx_HAL_Driver/Src/stm32u5xx_hal_dsi.c:2840:10:HAL_DSI_GetError	0	static
