C:/TouchGFXProjects/DEMOING/Core/Src/main.c:608:13:MX_DSIHOST_DSI_Init	9
C:/TouchGFXProjects/DEMOING/Core/Src/main.c:106:6:FillScreenWithColor	2
C:/TouchGFXProjects/DEMOING/Core/Src/main.c:126:6:DisplayColorTransition	1
C:/TouchGFXProjects/DEMOING/Core/Src/main.c:161:6:ICN6211_Init	32
C:/TouchGFXProjects/DEMOING/Core/Src/main.c:137:6:LCD_Init	1
C:/TouchGFXProjects/DEMOING/Core/Src/main.c:380:6:SystemClock_Config	4
C:/TouchGFXProjects/DEMOING/Core/Src/main.c:435:6:PeriphCommonClock_Config	2
C:/TouchGFXProjects/DEMOING/Core/Src/main.c:277:5:main	18
C:/TouchGFXProjects/DEMOING/Core/Src/main.c:1503:6:HAL_TIM_PeriodElapsedCallback	2
C:/TouchGFXProjects/DEMOING/Core/Src/main.c:1520:6:Error_Handler	1
