C:/TouchGFXProjects/DEMOING/Core/Src/main.c:473:13:MX_DSIHOST_DSI_Init	440	static,ignoring_inline_asm
C:/TouchGFXProjects/DEMOING/Core/Src/main.c:850:13:MX_LTDC_Init	416	static,ignoring_inline_asm
C:/TouchGFXProjects/DEMOING/Core/Src/main.c:106:6:FillScreenWithColor	8	static
C:/TouchGFXProjects/DEMOING/Core/Src/main.c:126:6:DisplayColorTransition	8	static
C:/TouchGFXProjects/DEMOING/Core/Src/main.c:245:6:SystemClock_Config	128	static,ignoring_inline_asm
C:/TouchGFXProjects/DEMOING/Core/Src/main.c:300:6:PeriphCommonClock_Config	232	static,ignoring_inline_asm
C:/TouchGFXProjects/DEMOING/Core/Src/main.c:144:5:main	160	static,ignoring_inline_asm
C:/TouchGFXProjects/DEMOING/Core/Src/main.c:735:6:ICN6211_Init	24	static
C:/TouchGFXProjects/DEMOING/Core/Src/main.c:711:6:LCD_Init	8	static
C:/TouchGFXProjects/DEMOING/Core/Src/main.c:1498:6:HAL_TIM_PeriodElapsedCallback	0	static
C:/TouchGFXProjects/DEMOING/Core/Src/main.c:1515:6:Error_Handler	0	static,ignoring_inline_asm
