C:/TouchGFXProjects/DEMOING/Core/Src/main.c:472:13:MX_DSIHOST_DSI_Init	9
C:/TouchGFXProjects/DEMOING/Core/Src/main.c:716:13:MX_LTDC_Init	31
C:/TouchGFXProjects/DEMOING/Core/Src/main.c:106:6:FillScreenWithColor	2
C:/TouchGFXProjects/DEMOING/Core/Src/main.c:126:6:DisplayColorTransition	1
C:/TouchGFXProjects/DEMOING/Core/Src/main.c:244:6:SystemClock_Config	4
C:/TouchGFXProjects/DEMOING/Core/Src/main.c:299:6:PeriphCommonClock_Config	2
C:/TouchGFXProjects/DEMOING/Core/Src/main.c:144:5:main	14
C:/TouchGFXProjects/DEMOING/Core/Src/main.c:1357:6:HAL_TIM_PeriodElapsedCallback	2
C:/TouchGFXProjects/DEMOING/Core/Src/main.c:1374:6:Error_Handler	1
