C:/TouchGFXProjects/DEMOING/Core/Src/stm32u5xx_hal_msp.c:66:6:HAL_MspInit	8	static
C:/TouchGFXProjects/DEMOING/Core/Src/stm32u5xx_hal_msp.c:90:6:HAL_CRC_MspInit	8	static
C:/TouchGFXProjects/DEMOING/Core/Src/stm32u5xx_hal_msp.c:113:6:HAL_CRC_MspDeInit	0	static
C:/TouchGFXProjects/DEMOING/Core/Src/stm32u5xx_hal_msp.c:135:6:HAL_DCACHE_MspInit	8	static
C:/TouchGFXProjects/DEMOING/Core/Src/stm32u5xx_hal_msp.c:168:6:HAL_DCACHE_MspDeInit	0	static
C:/TouchGFXProjects/DEMOING/Core/Src/stm32u5xx_hal_msp.c:201:6:HAL_DMA2D_MspInit	16	static
C:/TouchGFXProjects/DEMOING/Core/Src/stm32u5xx_hal_msp.c:227:6:HAL_DMA2D_MspDeInit	0	static
C:/TouchGFXProjects/DEMOING/Core/Src/stm32u5xx_hal_msp.c:252:6:HAL_DSI_MspInit	8	static
C:/TouchGFXProjects/DEMOING/Core/Src/stm32u5xx_hal_msp.c:275:6:HAL_DSI_MspDeInit	0	static
C:/TouchGFXProjects/DEMOING/Core/Src/stm32u5xx_hal_msp.c:297:6:HAL_GPU2D_MspInit	24	static
C:/TouchGFXProjects/DEMOING/Core/Src/stm32u5xx_hal_msp.c:327:6:HAL_GPU2D_MspDeInit	8	static
C:/TouchGFXProjects/DEMOING/Core/Src/stm32u5xx_hal_msp.c:354:6:HAL_XSPI_MspInit	0	static
C:/TouchGFXProjects/DEMOING/Core/Src/stm32u5xx_hal_msp.c:441:6:HAL_XSPI_MspDeInit	0	static
C:/TouchGFXProjects/DEMOING/Core/Src/stm32u5xx_hal_msp.c:495:6:HAL_LTDC_MspInit	16	static
C:/TouchGFXProjects/DEMOING/Core/Src/stm32u5xx_hal_msp.c:523:6:HAL_LTDC_MspDeInit	8	static
C:/TouchGFXProjects/DEMOING/Core/Src/stm32u5xx_hal_msp.c:549:6:HAL_OSPI_MspInit	288	static
C:/TouchGFXProjects/DEMOING/Core/Src/stm32u5xx_hal_msp.c:646:6:HAL_OSPI_MspDeInit	8	static
C:/TouchGFXProjects/DEMOING/Core/Src/stm32u5xx_hal_msp.c:690:6:HAL_TIM_Base_MspInit	8	static
C:/TouchGFXProjects/DEMOING/Core/Src/stm32u5xx_hal_msp.c:707:6:HAL_TIM_MspPostInit	32	static
C:/TouchGFXProjects/DEMOING/Core/Src/stm32u5xx_hal_msp.c:739:6:HAL_TIM_Base_MspDeInit	0	static
