C:/TouchGFXProjects/DEMOING/Core/Src/stm32u5xx_hal_msp.c:66:6:HAL_MspInit	8	static
C:/TouchGFXProjects/DEMOING/Core/Src/stm32u5xx_hal_msp.c:89:6:HAL_CRC_MspInit	8	static
C:/TouchGFXProjects/DEMOING/Core/Src/stm32u5xx_hal_msp.c:111:6:HAL_CRC_MspDeInit	0	static
C:/TouchGFXProjects/DEMOING/Core/Src/stm32u5xx_hal_msp.c:133:6:HAL_DCACHE_MspInit	8	static
C:/TouchGFXProjects/DEMOING/Core/Src/stm32u5xx_hal_msp.c:166:6:HAL_DCACHE_MspDeInit	0	static
C:/TouchGFXProjects/DEMOING/Core/Src/stm32u5xx_hal_msp.c:199:6:HAL_DMA2D_MspInit	16	static
C:/TouchGFXProjects/DEMOING/Core/Src/stm32u5xx_hal_msp.c:224:6:HAL_DMA2D_MspDeInit	0	static
C:/TouchGFXProjects/DEMOING/Core/Src/stm32u5xx_hal_msp.c:249:6:HAL_DSI_MspInit	8	static
C:/TouchGFXProjects/DEMOING/Core/Src/stm32u5xx_hal_msp.c:271:6:HAL_DSI_MspDeInit	0	static
C:/TouchGFXProjects/DEMOING/Core/Src/stm32u5xx_hal_msp.c:293:6:HAL_GPU2D_MspInit	24	static
C:/TouchGFXProjects/DEMOING/Core/Src/stm32u5xx_hal_msp.c:322:6:HAL_GPU2D_MspDeInit	8	static
C:/TouchGFXProjects/DEMOING/Core/Src/stm32u5xx_hal_msp.c:349:6:HAL_XSPI_MspInit	0	static
C:/TouchGFXProjects/DEMOING/Core/Src/stm32u5xx_hal_msp.c:435:6:HAL_XSPI_MspDeInit	0	static
C:/TouchGFXProjects/DEMOING/Core/Src/stm32u5xx_hal_msp.c:489:6:HAL_LTDC_MspInit	16	static
C:/TouchGFXProjects/DEMOING/Core/Src/stm32u5xx_hal_msp.c:516:6:HAL_LTDC_MspDeInit	8	static
C:/TouchGFXProjects/DEMOING/Core/Src/stm32u5xx_hal_msp.c:542:6:HAL_OSPI_MspInit	288	static
C:/TouchGFXProjects/DEMOING/Core/Src/stm32u5xx_hal_msp.c:638:6:HAL_OSPI_MspDeInit	8	static
C:/TouchGFXProjects/DEMOING/Core/Src/stm32u5xx_hal_msp.c:682:6:HAL_TIM_Base_MspInit	8	static
C:/TouchGFXProjects/DEMOING/Core/Src/stm32u5xx_hal_msp.c:698:6:HAL_TIM_MspPostInit	32	static
C:/TouchGFXProjects/DEMOING/Core/Src/stm32u5xx_hal_msp.c:730:6:HAL_TIM_Base_MspDeInit	0	static
